kotlin version: 2.0.0
error message: org.jetbrains.kotlin.util.FileAnalysisException: Somewhere in file C:/Users/Administrator/Desktop/Aplikacija Smdic/Smrdici/app/src/main/java/com/petar/smrdici/data/repository/DataExportImportRepository.kt: java.lang.NoClassDefFoundError: org/jetbrains/kotlin/com/intellij/psi/PsiLock
	at org.jetbrains.kotlin.util.AnalysisExceptionsKt.wrapIntoFileAnalysisExceptionIfNeeded(AnalysisExceptions.kt:62)
	at org.jetbrains.kotlin.fir.FirCliExceptionHandler.handleExceptionOnFileAnalysis(Utils.kt:180)
	at org.jetbrains.kotlin.fir.resolve.transformers.FirSupertypeResolverTransformer.transformFile(FirSupertypesResolution.kt:805)
	at org.jetbrains.kotlin.fir.declarations.FirFile.transform(FirFile.kt:46)
	at org.jetbrains.kotlin.fir.resolve.transformers.FirTransformerBasedResolveProcessor.processFile(FirResolveProcessor.kt:48)
	at org.jetbrains.kotlin.fir.resolve.transformers.FirTotalResolveProcessor.process(FirTotalResolveProcessor.kt:36)
	at org.jetbrains.kotlin.fir.pipeline.AnalyseKt.runResolution(analyse.kt:20)
	at org.jetbrains.kotlin.fir.pipeline.FirUtilsKt.resolveAndCheckFir(firUtils.kt:76)
	at org.jetbrains.kotlin.fir.pipeline.FirUtilsKt.buildResolveAndCheckFirViaLightTree(firUtils.kt:88)
	at org.jetbrains.kotlin.cli.jvm.compiler.pipeline.JvmCompilerPipelineKt.compileModuleToAnalyzedFir(jvmCompilerPipeline.kt:314)
	at org.jetbrains.kotlin.cli.jvm.compiler.pipeline.JvmCompilerPipelineKt.compileModulesUsingFrontendIrAndLightTree(jvmCompilerPipeline.kt:116)
	at org.jetbrains.kotlin.cli.jvm.K2JVMCompiler.doExecute(K2JVMCompiler.kt:155)
	at org.jetbrains.kotlin.cli.jvm.K2JVMCompiler.doExecute(K2JVMCompiler.kt:50)
	at org.jetbrains.kotlin.cli.common.CLICompiler.execImpl(CLICompiler.kt:104)
	at org.jetbrains.kotlin.cli.common.CLICompiler.execImpl(CLICompiler.kt:48)
	at org.jetbrains.kotlin.cli.common.CLITool.exec(CLITool.kt:101)
	at org.jetbrains.kotlin.incremental.IncrementalJvmCompilerRunner.runCompiler(IncrementalJvmCompilerRunner.kt:453)
	at org.jetbrains.kotlin.incremental.IncrementalJvmCompilerRunner.runCompiler(IncrementalJvmCompilerRunner.kt:62)
	at org.jetbrains.kotlin.incremental.IncrementalCompilerRunner.doCompile(IncrementalCompilerRunner.kt:506)
	at org.jetbrains.kotlin.incremental.IncrementalCompilerRunner.compileImpl(IncrementalCompilerRunner.kt:423)
	at org.jetbrains.kotlin.incremental.IncrementalCompilerRunner.compileNonIncrementally(IncrementalCompilerRunner.kt:301)
	at org.jetbrains.kotlin.incremental.IncrementalCompilerRunner.compile(IncrementalCompilerRunner.kt:129)
	at org.jetbrains.kotlin.daemon.CompileServiceImplBase.execIncrementalCompiler(CompileServiceImpl.kt:676)
	at org.jetbrains.kotlin.daemon.CompileServiceImplBase.access$execIncrementalCompiler(CompileServiceImpl.kt:92)
	at org.jetbrains.kotlin.daemon.CompileServiceImpl.compile(CompileServiceImpl.kt:1661)
	at java.base/jdk.internal.reflect.DirectMethodHandleAccessor.invoke(Unknown Source)
	at java.base/java.lang.reflect.Method.invoke(Unknown Source)
	at java.rmi/sun.rmi.server.UnicastServerRef.dispatch(Unknown Source)
	at java.rmi/sun.rmi.transport.Transport$1.run(Unknown Source)
	at java.rmi/sun.rmi.transport.Transport$1.run(Unknown Source)
	at java.base/java.security.AccessController.doPrivileged(Unknown Source)
	at java.rmi/sun.rmi.transport.Transport.serviceCall(Unknown Source)
	at java.rmi/sun.rmi.transport.tcp.TCPTransport.handleMessages(Unknown Source)
	at java.rmi/sun.rmi.transport.tcp.TCPTransport$ConnectionHandler.run0(Unknown Source)
	at java.rmi/sun.rmi.transport.tcp.TCPTransport$ConnectionHandler.lambda$run$0(Unknown Source)
	at java.base/java.security.AccessController.doPrivileged(Unknown Source)
	at java.rmi/sun.rmi.transport.tcp.TCPTransport$ConnectionHandler.run(Unknown Source)
	at java.base/java.util.concurrent.ThreadPoolExecutor.runWorker(Unknown Source)
	at java.base/java.util.concurrent.ThreadPoolExecutor$Worker.run(Unknown Source)
	at java.base/java.lang.Thread.run(Unknown Source)
Caused by: java.lang.NoClassDefFoundError: org/jetbrains/kotlin/com/intellij/psi/PsiLock
	at org.jetbrains.kotlin.com.intellij.psi.AbstractFileViewProvider.<init>(AbstractFileViewProvider.java:64)
	at org.jetbrains.kotlin.com.intellij.psi.SingleRootFileViewProvider.<init>(SingleRootFileViewProvider.java:61)
	at org.jetbrains.kotlin.com.intellij.psi.ClassFileViewProvider.<init>(ClassFileViewProvider.java:34)
	at org.jetbrains.kotlin.com.intellij.psi.impl.compiled.ClsDecompilerImpl.createFileViewProvider(ClsDecompilerImpl.java:34)
	at org.jetbrains.kotlin.com.intellij.psi.ClassFileViewProviderFactory.createFileViewProvider(ClassFileViewProviderFactory.java:18)
	at org.jetbrains.kotlin.com.intellij.psi.impl.file.impl.FileManagerImpl.createFileViewProvider(FileManagerImpl.java:267)
	at org.jetbrains.kotlin.com.intellij.psi.impl.file.impl.FileManagerImpl.findViewProvider(FileManagerImpl.java:193)
	at org.jetbrains.kotlin.com.intellij.psi.impl.file.impl.FileManagerImpl.findFile(FileManagerImpl.java:361)
	at org.jetbrains.kotlin.com.intellij.psi.impl.PsiManagerImpl.findFile(PsiManagerImpl.java:154)
	at org.jetbrains.kotlin.cli.jvm.compiler.KotlinCliJavaFileManagerImpl.findPsiClassInVirtualFile(KotlinCliJavaFileManagerImpl.kt:261)
	at org.jetbrains.kotlin.cli.jvm.compiler.KotlinCliJavaFileManagerImpl.findClasses$lambda$14$lambda$13$lambda$12(KotlinCliJavaFileManagerImpl.kt:199)
	at org.jetbrains.kotlin.cli.jvm.index.JvmDependenciesIndexImpl.traverseDirectoriesInPackage$lambda$6$lambda$5(JvmDependenciesIndexImpl.kt:71)
	at org.jetbrains.kotlin.cli.jvm.index.JvmDependenciesIndexImpl.search(JvmDependenciesIndexImpl.kt:129)
	at org.jetbrains.kotlin.cli.jvm.index.JvmDependenciesIndexImpl.traverseDirectoriesInPackage(JvmDependenciesIndexImpl.kt:70)
	at org.jetbrains.kotlin.cli.jvm.index.JvmDependenciesDynamicCompoundIndex.traverseDirectoriesInPackage(JvmDependenciesDynamicCompoundIndex.kt:59)
	at org.jetbrains.kotlin.cli.jvm.index.JvmDependenciesIndex.traverseDirectoriesInPackage$default(JvmDependenciesIndex.kt:33)
	at org.jetbrains.kotlin.cli.jvm.compiler.KotlinCliJavaFileManagerImpl.findClasses$lambda$14(KotlinCliJavaFileManagerImpl.kt:195)
	at org.jetbrains.kotlin.util.PerformanceCounter.time(PerformanceCounter.kt:90)
	at org.jetbrains.kotlin.cli.jvm.compiler.KotlinCliJavaFileManagerImpl.findClasses(KotlinCliJavaFileManagerImpl.kt:182)
	at org.jetbrains.kotlin.com.intellij.psi.impl.PsiElementFinderImpl.findClasses(PsiElementFinderImpl.java:53)
	at org.jetbrains.kotlin.com.intellij.psi.impl.JavaPsiFacadeImpl.findClassesWithoutJvmFacade(JavaPsiFacadeImpl.java:159)
	at org.jetbrains.kotlin.com.intellij.psi.impl.JavaPsiFacadeImpl.findClassesWithJvmFacade(JavaPsiFacadeImpl.java:130)
	at org.jetbrains.kotlin.com.intellij.psi.impl.JavaPsiFacadeImpl.findClasses(JavaPsiFacadeImpl.java:122)
	at org.jetbrains.kotlin.com.intellij.psi.impl.file.PsiPackageImpl$PackageAnnotationValueProvider.compute(PsiPackageImpl.java:399)
	at org.jetbrains.kotlin.com.intellij.psi.impl.PsiCachedValueImpl.doCompute(PsiCachedValueImpl.java:39)
	at org.jetbrains.kotlin.com.intellij.util.CachedValueBase.lambda$getValueWithLock$3(CachedValueBase.java:227)
	at org.jetbrains.kotlin.com.intellij.util.CachedValueBase.computeData(CachedValueBase.java:42)
	at org.jetbrains.kotlin.com.intellij.util.CachedValueBase.lambda$getValueWithLock$4(CachedValueBase.java:227)
	at org.jetbrains.kotlin.com.intellij.openapi.util.RecursionManager$1.computePreventingRecursion(RecursionManager.java:114)
	at org.jetbrains.kotlin.com.intellij.openapi.util.RecursionGuard.doPreventingRecursion(RecursionGuard.java:44)
	at org.jetbrains.kotlin.com.intellij.openapi.util.RecursionManager.doPreventingRecursion(RecursionManager.java:68)
	at org.jetbrains.kotlin.com.intellij.util.CachedValueBase.getValueWithLock(CachedValueBase.java:228)
	at org.jetbrains.kotlin.com.intellij.psi.impl.PsiCachedValueImpl.getValue(PsiCachedValueImpl.java:28)
	at org.jetbrains.kotlin.com.intellij.psi.impl.file.PsiPackageImpl.getAnnotationList(PsiPackageImpl.java:155)
	at org.jetbrains.kotlin.load.java.structure.impl.JavaPackageImpl.getAnnotations(JavaPackageImpl.kt:48)
	at org.jetbrains.kotlin.fir.java.JavaAnnotationsMappingKt.convertAnnotationsToFir(javaAnnotationsMapping.kt:63)
	at org.jetbrains.kotlin.fir.java.enhancement.FirAnnotationTypeQualifierResolver.extractDefaultQualifiers(FirAnnotationTypeQualifierResolver.kt:64)
	at org.jetbrains.kotlin.fir.java.enhancement.FirSignatureEnhancement.contextQualifiers_delegate$lambda$0(SignatureEnhancement.kt:92)
	at kotlin.UnsafeLazyImpl.getValue(Lazy.kt:81)
	at org.jetbrains.kotlin.fir.java.enhancement.FirSignatureEnhancement.getContextQualifiers(SignatureEnhancement.kt:91)
	at org.jetbrains.kotlin.fir.java.enhancement.FirSignatureEnhancement.enhanceTypeParameterBound(SignatureEnhancement.kt:582)
	at org.jetbrains.kotlin.fir.java.enhancement.FirSignatureEnhancement.enhanceTypeParameterBoundsAfterFirstRound(SignatureEnhancement.kt:558)
	at org.jetbrains.kotlin.fir.java.FirJavaFacade.convertJavaClassToFir(FirJavaFacade.kt:190)
	at org.jetbrains.kotlin.fir.java.deserialization.JvmClassFileBasedSymbolProvider.extractClassMetadata$lambda$6(JvmClassFileBasedSymbolProvider.kt:170)
	at org.jetbrains.kotlin.fir.deserialization.AbstractFirDeserializedSymbolProvider.classCache$lambda$6(AbstractFirDeserializedSymbolProvider.kt:165)
	at org.jetbrains.kotlin.fir.caches.FirThreadUnsafeCacheWithPostCompute.getValue(FirThreadUnsafeCachesFactory.kt:60)
	at org.jetbrains.kotlin.fir.deserialization.AbstractFirDeserializedSymbolProvider.getClass(AbstractFirDeserializedSymbolProvider.kt:314)
	at org.jetbrains.kotlin.fir.deserialization.AbstractFirDeserializedSymbolProvider.getClass$default(AbstractFirDeserializedSymbolProvider.kt:297)
	at org.jetbrains.kotlin.fir.deserialization.AbstractFirDeserializedSymbolProvider.getClassLikeSymbolByClassId(AbstractFirDeserializedSymbolProvider.kt:371)
	at org.jetbrains.kotlin.fir.resolve.providers.impl.FirCachingCompositeSymbolProvider.computeClass(FirCachingCompositeSymbolProvider.kt:147)
	at org.jetbrains.kotlin.fir.resolve.providers.impl.FirCachingCompositeSymbolProvider.access$computeClass(FirCachingCompositeSymbolProvider.kt:27)
	at org.jetbrains.kotlin.fir.resolve.providers.impl.FirCachingCompositeSymbolProvider$special$$inlined$createCache$1.invoke(FirCachesFactory.kt:71)
	at org.jetbrains.kotlin.fir.resolve.providers.impl.FirCachingCompositeSymbolProvider$special$$inlined$createCache$1.invoke(FirCachesFactory.kt:69)
	at org.jetbrains.kotlin.fir.caches.FirThreadUnsafeCache.getValue(FirThreadUnsafeCachesFactory.kt:40)
	at org.jetbrains.kotlin.fir.resolve.providers.impl.FirCachingCompositeSymbolProvider.getClassLikeSymbolByClassId(FirCachingCompositeSymbolProvider.kt:174)
	at org.jetbrains.kotlin.fir.scopes.impl.FirAbstractImportingScope.processClassifiersFromImportsByName(FirAbstractImportingScope.kt:60)
	at org.jetbrains.kotlin.fir.scopes.impl.FirAbstractSimpleImportingScope.processClassifiersByNameWithSubstitution(FirAbstractSimpleImportingScope.kt:29)
	at org.jetbrains.kotlin.fir.resolve.providers.impl.FirTypeResolverImpl.resolveUserTypeToSymbol(FirTypeResolverImpl.kt:141)
	at org.jetbrains.kotlin.fir.resolve.providers.impl.FirTypeResolverImpl.resolveType(FirTypeResolverImpl.kt:443)
	at org.jetbrains.kotlin.fir.resolve.transformers.FirSpecificTypeResolverTransformer.resolveType(FirSpecificTypeResolverTransformer.kt:130)
	at org.jetbrains.kotlin.fir.resolve.transformers.FirSpecificTypeResolverTransformer.transformTypeRef(FirSpecificTypeResolverTransformer.kt:91)
	at org.jetbrains.kotlin.fir.resolve.transformers.FirSpecificTypeResolverTransformer.transformTypeRef(FirSpecificTypeResolverTransformer.kt:35)
	at org.jetbrains.kotlin.fir.visitors.FirDefaultTransformer.transformTypeRefWithNullability(FirDefaultTransformer.kt:31)
	at org.jetbrains.kotlin.fir.visitors.FirDefaultTransformer.transformUserTypeRef(FirDefaultTransformer.kt:43)
	at org.jetbrains.kotlin.fir.types.FirUserTypeRef.transform(FirUserTypeRef.kt:32)
	at org.jetbrains.kotlin.fir.resolve.transformers.FirSupertypeResolverVisitor.resolveSpecificClassLikeSupertypes$lambda$15(FirSupertypesResolution.kt:456)
	at org.jetbrains.kotlin.fir.resolve.transformers.FirSupertypeResolverVisitor.resolveSpecificClassLikeSupertypes(FirSupertypesResolution.kt:412)
	at org.jetbrains.kotlin.fir.resolve.transformers.FirSupertypeResolverVisitor.resolveSpecificClassLikeSupertypes(FirSupertypesResolution.kt:454)
	at org.jetbrains.kotlin.fir.resolve.transformers.FirSupertypeResolverVisitor.visitRegularClass(FirSupertypesResolution.kt:435)
	at org.jetbrains.kotlin.fir.resolve.transformers.FirSupertypeResolverVisitor.visitRegularClass(FirSupertypesResolution.kt:240)
	at org.jetbrains.kotlin.fir.declarations.FirRegularClass.accept(FirRegularClass.kt:48)
	at org.jetbrains.kotlin.fir.declarations.impl.FirFileImpl.acceptChildren(FirFileImpl.kt:56)
	at org.jetbrains.kotlin.fir.resolve.transformers.FirSupertypeResolverVisitor.visitDeclarationContent(FirSupertypesResolution.kt:423)
	at org.jetbrains.kotlin.fir.resolve.transformers.FirSupertypeResolverVisitor.visitFile(FirSupertypesResolution.kt:544)
	at org.jetbrains.kotlin.fir.resolve.transformers.FirSupertypeResolverVisitor.visitFile(FirSupertypesResolution.kt:240)
	at org.jetbrains.kotlin.fir.declarations.FirFile.accept(FirFile.kt:42)
	at org.jetbrains.kotlin.fir.resolve.transformers.FirSupertypeResolverTransformer.transformFile(FirSupertypesResolution.kt:74)
	... 37 more
Caused by: java.lang.ClassNotFoundException: org.jetbrains.kotlin.com.intellij.psi.PsiLock
	... 114 more


